<testsuites name="results">
  <testsuite name="all" package="all">
    <property name="random_seed" value="1747035291" />
    <testcase name="dut_test" classname="dut_test" file="/home/kali/Work/setup-Chetanpyasi/tests/dut_test.py" lineno="5" time="0.00036644935607910156" sim_time_ns="4.001" ratio_time="10918.28907221861" />
  </testsuite>
</testsuites>
